running egg_info
writing ../../build/person_locator/person_locator.egg-info/PKG-INFO
writing dependency_links to ../../build/person_locator/person_locator.egg-info/dependency_links.txt
writing entry points to ../../build/person_locator/person_locator.egg-info/entry_points.txt
writing requirements to ../../build/person_locator/person_locator.egg-info/requires.txt
writing top-level names to ../../build/person_locator/person_locator.egg-info/top_level.txt
reading manifest file '../../build/person_locator/person_locator.egg-info/SOURCES.txt'
writing manifest file '../../build/person_locator/person_locator.egg-info/SOURCES.txt'
running build
running build_py
running install
running install_lib
running install_data
running install_egg_info
removing '/home/rokey/tth_ws/install/person_locator/lib/python3.10/site-packages/person_locator-0.0.0-py3.10.egg-info' (and everything under it)
Copying ../../build/person_locator/person_locator.egg-info to /home/rokey/tth_ws/install/person_locator/lib/python3.10/site-packages/person_locator-0.0.0-py3.10.egg-info
running install_scripts
Installing calibrate_homography script to /home/rokey/tth_ws/install/person_locator/lib/person_locator
Installing camera_publisher script to /home/rokey/tth_ws/install/person_locator/lib/person_locator
Installing compute_homography_from_points script to /home/rokey/tth_ws/install/person_locator/lib/person_locator
Installing log_amr_positions script to /home/rokey/tth_ws/install/person_locator/lib/person_locator
Installing person_tf_broadcaster_node script to /home/rokey/tth_ws/install/person_locator/lib/person_locator
Installing pick_pixel_points script to /home/rokey/tth_ws/install/person_locator/lib/person_locator
Installing pose_locator_node script to /home/rokey/tth_ws/install/person_locator/lib/person_locator
writing list of installed files to '/home/rokey/tth_ws/build/person_locator/install.log'
