[0.081s] colcon DEBUG Command line arguments: ['/usr/bin/colcon', 'build', '--packages-select', 'person_locator']
[0.081s] colcon DEBUG Parsed command line arguments: Namespace(log_base=None, log_level=None, verb_name='build', build_base='build', install_base='install', merge_install=False, symlink_install=False, test_result_base=None, continue_on_error=False, executor='parallel', parallel_workers=22, event_handlers=None, ignore_user_meta=False, metas=['./colcon.meta'], base_paths=['.'], packages_ignore=None, packages_ignore_regex=None, paths=None, packages_up_to=None, packages_up_to_regex=None, packages_above=None, packages_above_and_dependencies=None, packages_above_depth=None, packages_select_by_dep=None, packages_skip_by_dep=None, packages_skip_up_to=None, packages_select_build_failed=False, packages_skip_build_finished=False, packages_select_test_failures=False, packages_skip_test_passed=False, packages_select=['person_locator'], packages_skip=None, packages_select_regex=None, packages_skip_regex=None, packages_start=None, packages_end=None, allow_overriding=[], cmake_args=None, cmake_target=None, cmake_target_skip_unavailable=False, cmake_clean_cache=False, cmake_clean_first=False, cmake_force_configure=False, ament_cmake_args=None, catkin_cmake_args=None, catkin_skip_building_tests=False, mixin_files=None, mixin=None, verb_parser=<colcon_mixin.mixin.mixin_argument.MixinArgumentDecorator object at 0x71ac4bf3f3d0>, verb_extension=<colcon_core.verb.build.BuildVerb object at 0x71ac4bf3ee60>, main=<bound method BuildVerb.main of <colcon_core.verb.build.BuildVerb object at 0x71ac4bf3ee60>>, mixin_verb=('build',))
[0.239s] colcon.colcon_core.package_discovery Level 1 discover_packages(colcon_meta) check parameters
[0.239s] colcon.colcon_core.package_discovery Level 1 discover_packages(recursive) check parameters
[0.239s] colcon.colcon_core.package_discovery Level 1 discover_packages(ignore) check parameters
[0.239s] colcon.colcon_core.package_discovery Level 1 discover_packages(path) check parameters
[0.239s] colcon.colcon_core.package_discovery Level 1 discover_packages(colcon_meta) discover
[0.239s] colcon.colcon_core.package_discovery Level 1 discover_packages(recursive) discover
[0.239s] colcon.colcon_core.package_discovery INFO Crawling recursively for packages in '/home/rokey/tth_ws'
[0.239s] colcon.colcon_core.package_identification Level 1 _identify(.) by extensions ['ignore', 'ignore_ament_install']
[0.239s] colcon.colcon_core.package_identification Level 1 _identify(.) by extension 'ignore'
[0.239s] colcon.colcon_core.package_identification Level 1 _identify(.) by extension 'ignore_ament_install'
[0.239s] colcon.colcon_core.package_identification Level 1 _identify(.) by extensions ['colcon_pkg']
[0.239s] colcon.colcon_core.package_identification Level 1 _identify(.) by extension 'colcon_pkg'
[0.239s] colcon.colcon_core.package_identification Level 1 _identify(.) by extensions ['colcon_meta']
[0.239s] colcon.colcon_core.package_identification Level 1 _identify(.) by extension 'colcon_meta'
[0.239s] colcon.colcon_core.package_identification Level 1 _identify(.) by extensions ['ros']
[0.239s] colcon.colcon_core.package_identification Level 1 _identify(.) by extension 'ros'
[0.254s] colcon.colcon_core.package_identification Level 1 _identify(.) by extensions ['cmake', 'python']
[0.254s] colcon.colcon_core.package_identification Level 1 _identify(.) by extension 'cmake'
[0.254s] colcon.colcon_core.package_identification Level 1 _identify(.) by extension 'python'
[0.254s] colcon.colcon_core.package_identification Level 1 _identify(.) by extensions ['python_setup_py']
[0.254s] colcon.colcon_core.package_identification Level 1 _identify(.) by extension 'python_setup_py'
[0.254s] colcon.colcon_core.package_identification Level 1 _identify(build) by extensions ['ignore', 'ignore_ament_install']
[0.255s] colcon.colcon_core.package_identification Level 1 _identify(build) by extension 'ignore'
[0.255s] colcon.colcon_core.package_identification Level 1 _identify(build) ignored
[0.255s] colcon.colcon_core.package_identification Level 1 _identify(install) by extensions ['ignore', 'ignore_ament_install']
[0.255s] colcon.colcon_core.package_identification Level 1 _identify(install) by extension 'ignore'
[0.255s] colcon.colcon_core.package_identification Level 1 _identify(install) ignored
[0.255s] colcon.colcon_core.package_identification Level 1 _identify(log) by extensions ['ignore', 'ignore_ament_install']
[0.255s] colcon.colcon_core.package_identification Level 1 _identify(log) by extension 'ignore'
[0.255s] colcon.colcon_core.package_identification Level 1 _identify(log) ignored
[0.255s] colcon.colcon_core.package_identification Level 1 _identify(src) by extensions ['ignore', 'ignore_ament_install']
[0.255s] colcon.colcon_core.package_identification Level 1 _identify(src) by extension 'ignore'
[0.255s] colcon.colcon_core.package_identification Level 1 _identify(src) by extension 'ignore_ament_install'
[0.255s] colcon.colcon_core.package_identification Level 1 _identify(src) by extensions ['colcon_pkg']
[0.255s] colcon.colcon_core.package_identification Level 1 _identify(src) by extension 'colcon_pkg'
[0.255s] colcon.colcon_core.package_identification Level 1 _identify(src) by extensions ['colcon_meta']
[0.255s] colcon.colcon_core.package_identification Level 1 _identify(src) by extension 'colcon_meta'
[0.255s] colcon.colcon_core.package_identification Level 1 _identify(src) by extensions ['ros']
[0.255s] colcon.colcon_core.package_identification Level 1 _identify(src) by extension 'ros'
[0.255s] colcon.colcon_core.package_identification Level 1 _identify(src) by extensions ['cmake', 'python']
[0.255s] colcon.colcon_core.package_identification Level 1 _identify(src) by extension 'cmake'
[0.255s] colcon.colcon_core.package_identification Level 1 _identify(src) by extension 'python'
[0.255s] colcon.colcon_core.package_identification Level 1 _identify(src) by extensions ['python_setup_py']
[0.255s] colcon.colcon_core.package_identification Level 1 _identify(src) by extension 'python_setup_py'
[0.255s] colcon.colcon_core.package_identification Level 1 _identify(src/person_locator) by extensions ['ignore', 'ignore_ament_install']
[0.255s] colcon.colcon_core.package_identification Level 1 _identify(src/person_locator) by extension 'ignore'
[0.255s] colcon.colcon_core.package_identification Level 1 _identify(src/person_locator) by extension 'ignore_ament_install'
[0.255s] colcon.colcon_core.package_identification Level 1 _identify(src/person_locator) by extensions ['colcon_pkg']
[0.255s] colcon.colcon_core.package_identification Level 1 _identify(src/person_locator) by extension 'colcon_pkg'
[0.255s] colcon.colcon_core.package_identification Level 1 _identify(src/person_locator) by extensions ['colcon_meta']
[0.255s] colcon.colcon_core.package_identification Level 1 _identify(src/person_locator) by extension 'colcon_meta'
[0.255s] colcon.colcon_core.package_identification Level 1 _identify(src/person_locator) by extensions ['ros']
[0.255s] colcon.colcon_core.package_identification Level 1 _identify(src/person_locator) by extension 'ros'
[0.257s] colcon.colcon_core.package_identification DEBUG Package 'src/person_locator' with type 'ros.ament_python' and name 'person_locator'
[0.257s] colcon.colcon_core.package_discovery Level 1 discover_packages(recursive) using defaults
[0.257s] colcon.colcon_core.package_discovery Level 1 discover_packages(ignore) discover
[0.257s] colcon.colcon_core.package_discovery Level 1 discover_packages(ignore) using defaults
[0.257s] colcon.colcon_core.package_discovery Level 1 discover_packages(path) discover
[0.257s] colcon.colcon_core.package_discovery Level 1 discover_packages(path) using defaults
[0.268s] colcon.colcon_core.package_discovery Level 1 discover_packages(prefix_path) check parameters
[0.268s] colcon.colcon_core.package_discovery Level 1 discover_packages(prefix_path) discover
[0.270s] colcon.colcon_installed_package_information.package_discovery DEBUG Found 17 installed packages in /home/rokey/turtlebot4_ws/install
[0.270s] colcon.colcon_installed_package_information.package_discovery DEBUG Found 389 installed packages in /opt/ros/humble
[0.271s] colcon.colcon_core.package_discovery Level 1 discover_packages(prefix_path) using defaults
[0.298s] colcon.colcon_core.verb Level 5 set package 'person_locator' build argument 'cmake_args' from command line to 'None'
[0.298s] colcon.colcon_core.verb Level 5 set package 'person_locator' build argument 'cmake_target' from command line to 'None'
[0.298s] colcon.colcon_core.verb Level 5 set package 'person_locator' build argument 'cmake_target_skip_unavailable' from command line to 'False'
[0.298s] colcon.colcon_core.verb Level 5 set package 'person_locator' build argument 'cmake_clean_cache' from command line to 'False'
[0.298s] colcon.colcon_core.verb Level 5 set package 'person_locator' build argument 'cmake_clean_first' from command line to 'False'
[0.298s] colcon.colcon_core.verb Level 5 set package 'person_locator' build argument 'cmake_force_configure' from command line to 'False'
[0.298s] colcon.colcon_core.verb Level 5 set package 'person_locator' build argument 'ament_cmake_args' from command line to 'None'
[0.298s] colcon.colcon_core.verb Level 5 set package 'person_locator' build argument 'catkin_cmake_args' from command line to 'None'
[0.298s] colcon.colcon_core.verb Level 5 set package 'person_locator' build argument 'catkin_skip_building_tests' from command line to 'False'
[0.298s] colcon.colcon_core.verb DEBUG Building package 'person_locator' with the following arguments: {'ament_cmake_args': None, 'build_base': '/home/rokey/tth_ws/build/person_locator', 'catkin_cmake_args': None, 'catkin_skip_building_tests': False, 'cmake_args': None, 'cmake_clean_cache': False, 'cmake_clean_first': False, 'cmake_force_configure': False, 'cmake_target': None, 'cmake_target_skip_unavailable': False, 'install_base': '/home/rokey/tth_ws/install/person_locator', 'merge_install': False, 'path': '/home/rokey/tth_ws/src/person_locator', 'symlink_install': False, 'test_result_base': None}
[0.298s] colcon.colcon_core.executor INFO Executing jobs using 'parallel' executor
[0.299s] colcon.colcon_parallel_executor.executor.parallel DEBUG run_until_complete
[0.299s] colcon.colcon_ros.task.ament_python.build INFO Building ROS package in '/home/rokey/tth_ws/src/person_locator' with build type 'ament_python'
[0.299s] colcon.colcon_core.shell Level 1 create_environment_hook('person_locator', 'ament_prefix_path')
[0.301s] colcon.colcon_core.plugin_system INFO Skipping extension 'colcon_core.shell.bat': Not used on non-Windows systems
[0.301s] colcon.colcon_core.shell INFO Creating environment hook '/home/rokey/tth_ws/install/person_locator/share/person_locator/hook/ament_prefix_path.ps1'
[0.302s] colcon.colcon_core.shell INFO Creating environment descriptor '/home/rokey/tth_ws/install/person_locator/share/person_locator/hook/ament_prefix_path.dsv'
[0.302s] colcon.colcon_core.shell INFO Creating environment hook '/home/rokey/tth_ws/install/person_locator/share/person_locator/hook/ament_prefix_path.sh'
[0.303s] colcon.colcon_core.shell INFO Skip shell extension 'powershell' for command environment: Not usable outside of PowerShell
[0.303s] colcon.colcon_core.shell DEBUG Skip shell extension 'dsv' for command environment
[0.468s] colcon.colcon_core.task.python.build INFO Building Python package in '/home/rokey/tth_ws/src/person_locator'
[0.468s] colcon.colcon_core.shell INFO Skip shell extension 'powershell' for command environment: Not usable outside of PowerShell
[0.468s] colcon.colcon_core.shell DEBUG Skip shell extension 'dsv' for command environment
[0.700s] colcon.colcon_core.task.python.build DEBUG Available setuptools commands: saveopts, sdist, dist_info, update_catalog, upload_docs, setopt, register, build_py, bdist_rpm, bdist, build, test, extract_messages, clean, symlink_data, alias, install_egg_info, install_lib, build_clib, bdist_egg, compile_catalog, easy_install, build_scripts, install_scripts, develop, upload, bdist_wheel, install, bdist_dumb, rotate, init_catalog, install_data, egg_info, build_ext, install_headers, check
[0.701s] colcon.colcon_core.event_handler.log_command DEBUG Invoking command in '/home/rokey/tth_ws/src/person_locator': PYTHONPATH=/home/rokey/tth_ws/build/person_locator/prefix_override:/usr/lib/python3/dist-packages/colcon_core/task/python/colcon_distutils_commands:/home/rokey/tth_ws/install/person_locator/lib/python3.10/site-packages:${PYTHONPATH} /usr/bin/python3 -W ignore:setup.py install is deprecated -W ignore:easy_install command is deprecated setup.py egg_info --egg-base ../../build/person_locator build --build-base /home/rokey/tth_ws/build/person_locator/build install --record /home/rokey/tth_ws/build/person_locator/install.log --install-scripts $base/lib/person_locator --single-version-externally-managed install_data
[0.885s] colcon.colcon_core.event_handler.log_command DEBUG Invoked command in '/home/rokey/tth_ws/src/person_locator' returned '0': PYTHONPATH=/home/rokey/tth_ws/build/person_locator/prefix_override:/usr/lib/python3/dist-packages/colcon_core/task/python/colcon_distutils_commands:/home/rokey/tth_ws/install/person_locator/lib/python3.10/site-packages:${PYTHONPATH} /usr/bin/python3 -W ignore:setup.py install is deprecated -W ignore:easy_install command is deprecated setup.py egg_info --egg-base ../../build/person_locator build --build-base /home/rokey/tth_ws/build/person_locator/build install --record /home/rokey/tth_ws/build/person_locator/install.log --install-scripts $base/lib/person_locator --single-version-externally-managed install_data
[0.888s] colcon.colcon_core.environment Level 1 checking '/home/rokey/tth_ws/install/person_locator' for CMake module files
[0.888s] colcon.colcon_core.environment Level 1 checking '/home/rokey/tth_ws/install/person_locator' for CMake config files
[0.889s] colcon.colcon_core.environment Level 1 checking '/home/rokey/tth_ws/install/person_locator/lib'
[0.889s] colcon.colcon_core.environment Level 1 checking '/home/rokey/tth_ws/install/person_locator/bin'
[0.889s] colcon.colcon_core.environment Level 1 checking '/home/rokey/tth_ws/install/person_locator/lib/pkgconfig/person_locator.pc'
[0.889s] colcon.colcon_core.environment Level 1 checking '/home/rokey/tth_ws/install/person_locator/lib/python3.10/site-packages'
[0.889s] colcon.colcon_core.shell Level 1 create_environment_hook('person_locator', 'pythonpath')
[0.889s] colcon.colcon_core.shell INFO Creating environment hook '/home/rokey/tth_ws/install/person_locator/share/person_locator/hook/pythonpath.ps1'
[0.889s] colcon.colcon_core.shell INFO Creating environment descriptor '/home/rokey/tth_ws/install/person_locator/share/person_locator/hook/pythonpath.dsv'
[0.890s] colcon.colcon_core.shell INFO Creating environment hook '/home/rokey/tth_ws/install/person_locator/share/person_locator/hook/pythonpath.sh'
[0.890s] colcon.colcon_core.environment Level 1 checking '/home/rokey/tth_ws/install/person_locator/bin'
[0.890s] colcon.colcon_core.environment Level 1 create_environment_scripts_only(person_locator)
[0.890s] colcon.colcon_core.shell INFO Creating package script '/home/rokey/tth_ws/install/person_locator/share/person_locator/package.ps1'
[0.891s] colcon.colcon_core.shell INFO Creating package descriptor '/home/rokey/tth_ws/install/person_locator/share/person_locator/package.dsv'
[0.892s] colcon.colcon_core.shell INFO Creating package script '/home/rokey/tth_ws/install/person_locator/share/person_locator/package.sh'
[0.892s] colcon.colcon_core.shell INFO Creating package script '/home/rokey/tth_ws/install/person_locator/share/person_locator/package.bash'
[0.892s] colcon.colcon_core.shell INFO Creating package script '/home/rokey/tth_ws/install/person_locator/share/person_locator/package.zsh'
[0.893s] colcon.colcon_core.environment Level 1 create_file_with_runtime_dependencies(/home/rokey/tth_ws/install/person_locator/share/colcon-core/packages/person_locator)
[0.893s] colcon.colcon_parallel_executor.executor.parallel DEBUG closing loop
[0.893s] colcon.colcon_parallel_executor.executor.parallel DEBUG loop closed
[0.893s] colcon.colcon_parallel_executor.executor.parallel DEBUG run_until_complete finished with '0'
[0.893s] colcon.colcon_core.event_reactor DEBUG joining thread
[0.896s] colcon.colcon_core.plugin_system INFO Skipping extension 'colcon_notification.desktop_notification.terminal_notifier': Not used on non-Darwin systems
[0.897s] colcon.colcon_core.plugin_system INFO Skipping extension 'colcon_notification.desktop_notification.win32': Not used on non-Windows systems
[0.897s] colcon.colcon_notification.desktop_notification INFO Sending desktop notification using 'notify2'
[0.911s] colcon.colcon_core.event_reactor DEBUG joined thread
[0.911s] colcon.colcon_core.shell INFO Creating prefix script '/home/rokey/tth_ws/install/local_setup.ps1'
[0.912s] colcon.colcon_core.shell INFO Creating prefix util module '/home/rokey/tth_ws/install/_local_setup_util_ps1.py'
[0.913s] colcon.colcon_core.shell INFO Creating prefix chain script '/home/rokey/tth_ws/install/setup.ps1'
[0.914s] colcon.colcon_core.shell INFO Creating prefix script '/home/rokey/tth_ws/install/local_setup.sh'
[0.914s] colcon.colcon_core.shell INFO Creating prefix util module '/home/rokey/tth_ws/install/_local_setup_util_sh.py'
[0.914s] colcon.colcon_core.shell INFO Creating prefix chain script '/home/rokey/tth_ws/install/setup.sh'
[0.915s] colcon.colcon_core.shell INFO Creating prefix script '/home/rokey/tth_ws/install/local_setup.bash'
[0.915s] colcon.colcon_core.shell INFO Creating prefix chain script '/home/rokey/tth_ws/install/setup.bash'
[0.916s] colcon.colcon_core.shell INFO Creating prefix script '/home/rokey/tth_ws/install/local_setup.zsh'
[0.917s] colcon.colcon_core.shell INFO Creating prefix chain script '/home/rokey/tth_ws/install/setup.zsh'
