[INFO] [launch]: All log files can be found below /home/rokey/.ros/log/2026-08-09-16-48-00-759180-mu-05-15681
[INFO] [launch]: Default logging verbosity is set to INFO
[INFO] [oakd_detector_node-1]: process started with pid [15684]
[INFO] [debug_viewer_node-2]: process started with pid [15686]
[INFO] [leg_detector_bridge_node-3]: process started with pid [15688]
[INFO] [reid_tracking_node-4]: process started with pid [15690]
[INFO] [predictive_avoidance_node-5]: process started with pid [15692]
[debug_viewer_node-2] QFontDatabase: Cannot find font directory /home/rokey/.local/lib/python3.10/site-packages/cv2/qt/fonts.
[debug_viewer_node-2] Note that Qt no longer ships fonts. Deploy some (from https://dejavu-fonts.github.io/ for example) or switch to fontconfig.
[debug_viewer_node-2] QFontDatabase: Cannot find font directory /home/rokey/.local/lib/python3.10/site-packages/cv2/qt/fonts.
[debug_viewer_node-2] Note that Qt no longer ships fonts. Deploy some (from https://dejavu-fonts.github.io/ for example) or switch to fontconfig.
[debug_viewer_node-2] QFontDatabase: Cannot find font directory /home/rokey/.local/lib/python3.10/site-packages/cv2/qt/fonts.
[debug_viewer_node-2] Note that Qt no longer ships fonts. Deploy some (from https://dejavu-fonts.github.io/ for example) or switch to fontconfig.
[debug_viewer_node-2] QFontDatabase: Cannot find font directory /home/rokey/.local/lib/python3.10/site-packages/cv2/qt/fonts.
[debug_viewer_node-2] Note that Qt no longer ships fonts. Deploy some (from https://dejavu-fonts.github.io/ for example) or switch to fontconfig.
[debug_viewer_node-2] QFontDatabase: Cannot find font directory /home/rokey/.local/lib/python3.10/site-packages/cv2/qt/fonts.
[debug_viewer_node-2] Note that Qt no longer ships fonts. Deploy some (from https://dejavu-fonts.github.io/ for example) or switch to fontconfig.
[debug_viewer_node-2] [INFO] [1786261681.268172769] [oakd_detector_debug_viewer]: debug_viewer_node 시작 | /robot5/vision/oakd_detector/debug/compressed -> 창 "oakd_detector debug"
[reid_tracking_node-4] [INFO] [1786261681.410787480] [reid_tracking_node]: reid_tracking_node 시작 | oakd=/robot5/vision/detections_3d webcam=/vision/webcam/detections_3d leg=/robot5/vision/leg_detections_3d -> /robot5/vision/tracked_detections_3d, /robot5/target_person_pose
[predictive_avoidance_node-5] [INFO] [1786261681.439051135] [predictive_avoidance_node]: predictive_avoidance_node 시작 | /robot5/vision/tracked_detections_3d -> /robot5/vision/predicted_obstacle_points / /robot5/local_costmap/local_costmap/set_parameters (mode=pointcloud)
[leg_detector_bridge_node-3] [INFO] [1786261681.440404474] [leg_detector_bridge_node]: leg_detector_bridge_node 시작 (자체 LaserScan 다리검출) | /robot5/scan -> /robot5/vision/leg_detections_3d
[oakd_detector_node-1] /home/rokey/.local/lib/python3.10/site-packages/matplotlib/projections/__init__.py:63: UserWarning: Unable to import Axes3D. This may be due to multiple versions of Matplotlib being installed (e.g. as a system package and as a pip package). As a result, the 3D projection is not available.
[oakd_detector_node-1]   warnings.warn("Unable to import Axes3D. This may be due to multiple versions of "
[oakd_detector_node-1] [INFO] [1786261682.260245080] [oakd_detector_node]: YOLO-pose 모델 로드: yolo11n-pose.pt
[oakd_detector_node-1] [INFO] [1786261682.310169009] [oakd_detector_node]: oakd_detector_node 시작 | ns=robot5 rgb=/robot5/oakd/rgb/image_raw/compressed depth=/robot5/oakd/stereo/image_raw/compressedDepth -> /robot5/vision/detections_3d (slop=0.05s, process_every_n=1)
[oakd_detector_node-1] [WARN] [1786261683.311705772] [oakd_detector_node]: 이미지 입력 3.0s 이상 없음
[oakd_detector_node-1] [WARN] [1786261687.780210351] [oakd_detector_node]: CameraInfo 미수신 - 역투영 불가
[reid_tracking_node-4] [INFO] [1786261697.786897661] [reid_tracking_node]: [lifecycle] 생성 track 1 @(-3.14,-1.15) 출처=oakd 상류id=''(기존매핑 0건) / 기존 트랙 없음 / 갤러리 빔 / 배치검출 1개(기존트랙배정 0건)
[reid_tracking_node-4] [INFO] [1786261698.793121629] [reid_tracking_node]: [lifecycle] 생성 track 2 @(-1.56,-0.48) 출처=oakd 상류id=''(기존매핑 0건) / 최근접 track 1 저장 0.37m / 예측 0.31m (v=0.76m/s) / 갤러리 빔 / 배치검출 1개(기존트랙배정 0건)
[reid_tracking_node-4] [INFO] [1786261699.843847239] [reid_tracking_node]: 라이다 락온 확정: leg_9 -> track 1
[reid_tracking_node-4] [INFO] [1786261701.391508991] [reid_tracking_node]: [reid] 임베딩 수신 0 / 검출과 매칭 0 / 짝없음 28 | 갤러리 0개 | 신원복원 누적 0회
[leg_detector_bridge_node-3] [INFO] [1786261701.790575594] [leg_detector_bridge_node]: 정적 배경 해제: (-0.37, 0.95) 근처 1셀 - 움직임 관측
[reid_tracking_node-4] [WARN] [1786261705.807609231] [reid_tracking_node]: 라이다 락온 id leg_9 유실 - 재매칭 진입
[reid_tracking_node-4] [INFO] [1786261706.391333047] [reid_tracking_node]: [reid] 임베딩 수신 0 / 검출과 매칭 0 / 짝없음 79 | 갤러리 0개 | 신원복원 누적 0회
[reid_tracking_node-4] [INFO] [1786261707.788950730] [reid_tracking_node]: [lifecycle] 소멸 track 1 @(-1.58,0.15) 마지막갱신 3.05s 전 / 수명 6.95s / 추종중=True / 출처=lidar_leg
[leg_detector_bridge_node-3] [INFO] [1786261707.897777703] [leg_detector_bridge_node]: 정적 배경 해제: (-1.61, -0.06) 근처 1셀 - 움직임 관측
[leg_detector_bridge_node-3] [INFO] [1786261708.156228874] [leg_detector_bridge_node]: 정적 배경 해제: (-2.46, -0.09) 근처 1셀 - 움직임 관측
[reid_tracking_node-4] [INFO] [1786261711.391450058] [reid_tracking_node]: [reid] 임베딩 수신 0 / 검출과 매칭 0 / 짝없음 127 | 갤러리 1개 | 신원복원 누적 0회
[reid_tracking_node-4] [INFO] [1786261712.619423152] [reid_tracking_node]: 외형 재식별로 추종 대상 복귀: track 1
[reid_tracking_node-4] [INFO] [1786261712.889996261] [reid_tracking_node]: [lifecycle] 생성 track 3 @(-3.14,-1.16) 출처=oakd 상류id=''(기존매핑 0건) / 최근접 track 2 저장 2.17m / 예측 2.07m (v=0.91m/s) / 갤러리 빔 / 배치검출 2개(기존트랙배정 1건)
[reid_tracking_node-4] [INFO] [1786261713.607008346] [reid_tracking_node]: 라이다 락온 확정: leg_21 -> track 1
[leg_detector_bridge_node-3] [INFO] [1786261714.379866616] [leg_detector_bridge_node]: 정적 배경 해제: (-0.92, -1.16) 근처 1셀 - 움직임 관측
[reid_tracking_node-4] [WARN] [1786261715.292051035] [reid_tracking_node]: 라이다 락온 id leg_21 유실 - 재매칭 진입
[reid_tracking_node-4] [INFO] [1786261716.391832252] [reid_tracking_node]: [reid] 임베딩 수신 0 / 검출과 매칭 0 / 짝없음 164 | 갤러리 0개 | 신원복원 누적 1회
[leg_detector_bridge_node-3] [INFO] [1786261716.467532732] [leg_detector_bridge_node]: 정적 배경 해제: (-1.45, -1.23) 근처 1셀 - 움직임 관측
[reid_tracking_node-4] [INFO] [1786261717.305362455] [reid_tracking_node]: [lifecycle] 소멸 track 1 @(-1.03,-1.12) 마지막갱신 3.07s 전 / 수명 1.63s / 추종중=True / 출처=lidar_leg
[reid_tracking_node-4] [INFO] [1786261717.390299169] [reid_tracking_node]: [lifecycle] 소멸 track 2 @(-1.77,-0.64) 마지막갱신 3.10s 전 / 수명 15.50s / 추종중=False / 출처=oakd
[reid_tracking_node-4] [INFO] [1786261717.991118102] [reid_tracking_node]: 외형 재식별로 신원 복원: track 2
[reid_tracking_node-4] [INFO] [1786261721.391757872] [reid_tracking_node]: [reid] 임베딩 수신 0 / 검출과 매칭 0 / 짝없음 195 | 갤러리 1개 | 신원복원 누적 2회
[reid_tracking_node-4] [INFO] [1786261722.606977449] [reid_tracking_node]: [lifecycle] 소멸 track 2 @(-1.74,-0.61) 마지막갱신 3.10s 전 / 수명 1.50s / 추종중=False / 출처=oakd
[oakd_detector_node-1] [INFO] [1786261722.908546758] [oakd_detector_node]: 근접 안전모드 진입 (최근접 0.60m)
[oakd_detector_node-1] [INFO] [1786261723.107002902] [oakd_detector_node]: 근접 안전모드 해제 (최근접 1.48m)
[reid_tracking_node-4] [INFO] [1786261723.108712562] [reid_tracking_node]: 외형 재식별로 신원 복원: track 2
[oakd_detector_node-1] [INFO] [1786261725.011168300] [oakd_detector_node]: 근접 안전모드 진입 (최근접 0.68m)
[oakd_detector_node-1] [INFO] [1786261726.012160579] [oakd_detector_node]: 근접 안전모드 해제 (최근접 0.93m)
[reid_tracking_node-4] [INFO] [1786261726.013970318] [reid_tracking_node]: [lifecycle] 소멸 track 3 @(-0.69,0.23) 마지막갱신 3.10s 전 / 수명 10.00s / 추종중=False / 출처=oakd
[reid_tracking_node-4] [INFO] [1786261726.391666571] [reid_tracking_node]: [reid] 임베딩 수신 0 / 검출과 매칭 0 / 짝없음 237 | 갤러리 2개 | 신원복원 누적 3회
